preet@preet-HP-Notebook:~$ cd Git-Github-Bootcamp/
preet@preet-HP-Notebook:~/Git-Github-Bootcamp$ ll
total 188
drwxrwxr-x  6 preet preet  4096 Nov  5 22:38 ./
drwxr-x--- 35 preet preet  4096 Nov  5 22:26 ../
drwxrwxr-x  7 preet preet  4096 Nov  5 20:38 Branching/
-rw-rw-r--  1 preet preet 39353 Nov  3 00:04 commands2.txt
-rw-rw-r--  1 preet preet 85618 Nov  3 23:34 commands3.txt
-rw-rw-r--  1 preet preet 23774 Nov  5 22:38 commands4.txt
-rw-rw-r--  1 preet preet 14204 Nov  2 23:29 commands.txt
drwxrwxr-x  3 preet preet  4096 Nov  2 12:03 gitignoredemo/
drwxrwxr-x  4 preet preet  4096 Nov  2 12:02 MyFirstNovel/
drwxrwxr-x  3 preet preet  4096 Nov  1 23:28 shopping/
preet@preet-HP-Notebook:~/Git-Github-Bootcamp$ mkdir stashing
preet@preet-HP-Notebook:~/Git-Github-Bootcamp$ cd s
shopping/ stashing/ 
preet@preet-HP-Notebook:~/Git-Github-Bootcamp$ cd s
bash: cd: s: No such file or directory
preet@preet-HP-Notebook:~/Git-Github-Bootcamp$ cd stashing/
preet@preet-HP-Notebook:~/Git-Github-Bootcamp/stashing$ vi index.html
preet@preet-HP-Notebook:~/Git-Github-Bootcamp/stashing$ vi index.html
preet@preet-HP-Notebook:~/Git-Github-Bootcamp/stashing$ vi index.html
preet@preet-HP-Notebook:~/Git-Github-Bootcamp/stashing$ vi app.css
preet@preet-HP-Notebook:~/Git-Github-Bootcamp/stashing$ git status
fatal: not a git repository (or any of the parent directories): .git
preet@preet-HP-Notebook:~/Git-Github-Bootcamp/stashing$ git init
hint: Using 'master' as the name for the initial branch. This default branch name
hint: is subject to change. To configure the initial branch name to use in all
hint: of your new repositories, which will suppress this warning, call:
hint: 
hint: 	git config --global init.defaultBranch <name>
hint: 
hint: Names commonly chosen instead of 'master' are 'main', 'trunk' and
hint: 'development'. The just-created branch can be renamed via this command:
hint: 
hint: 	git branch -m <name>
Initialized empty Git repository in /home/preet/Git-Github-Bootcamp/stashing/.git/
preet@preet-HP-Notebook:~/Git-Github-Bootcamp/stashing$ git add index.html app.css 
preet@preet-HP-Notebook:~/Git-Github-Bootcamp/stashing$ git commit -m "create index.html and app.css"
[master (root-commit) d119d11] create index.html and app.css
 2 files changed, 18 insertions(+)
 create mode 100644 app.css
 create mode 100644 index.html
preet@preet-HP-Notebook:~/Git-Github-Bootcamp/stashing$ git switch -c purple
Switched to a new branch 'purple'
preet@preet-HP-Notebook:~/Git-Github-Bootcamp/stashing$ vi app.css 
preet@preet-HP-Notebook:~/Git-Github-Bootcamp/stashing$ git switch master
M	app.css
Switched to branch 'master'
preet@preet-HP-Notebook:~/Git-Github-Bootcamp/stashing$ git status
On branch master
Changes not staged for commit:
  (use "git add <file>..." to update what will be committed)
  (use "git restore <file>..." to discard changes in working directory)
	modified:   app.css

no changes added to commit (use "git add" and/or "git commit -a")
preet@preet-HP-Notebook:~/Git-Github-Bootcamp/stashing$ git switch purple 
M	app.css
Switched to branch 'purple'
preet@preet-HP-Notebook:~/Git-Github-Bootcamp/stashing$ git status
On branch purple
Changes not staged for commit:
  (use "git add <file>..." to update what will be committed)
  (use "git restore <file>..." to discard changes in working directory)
	modified:   app.css

no changes added to commit (use "git add" and/or "git commit -a")
preet@preet-HP-Notebook:~/Git-Github-Bootcamp/stashing$ git add app.css 
preet@preet-HP-Notebook:~/Git-Github-Bootcamp/stashing$ git commit -m "make stuff purple"
[purple fd1ce27] make stuff purple
 1 file changed, 6 insertions(+)
preet@preet-HP-Notebook:~/Git-Github-Bootcamp/stashing$ git switch master
Switched to branch 'master'
preet@preet-HP-Notebook:~/Git-Github-Bootcamp/stashing$ cat app.css 
preet@preet-HP-Notebook:~/Git-Github-Bootcamp/stashing$ git switch -c goodbye
Switched to a new branch 'goodbye'
preet@preet-HP-Notebook:~/Git-Github-Bootcamp/stashing$ git switch master
Switched to branch 'master'
preet@preet-HP-Notebook:~/Git-Github-Bootcamp/stashing$ vi index.html 
preet@preet-HP-Notebook:~/Git-Github-Bootcamp/stashing$ git add index.html 
preet@preet-HP-Notebook:~/Git-Github-Bootcamp/stashing$ git commit -m "update hello greeting"
[master 35159a1] update hello greeting
 1 file changed, 2 insertions(+), 2 deletions(-)
preet@preet-HP-Notebook:~/Git-Github-Bootcamp/stashing$ git switch goodbye 
Switched to branch 'goodbye'
preet@preet-HP-Notebook:~/Git-Github-Bootcamp/stashing$ git status
On branch goodbye
nothing to commit, working tree clean
preet@preet-HP-Notebook:~/Git-Github-Bootcamp/stashing$ vi index.html 
preet@preet-HP-Notebook:~/Git-Github-Bootcamp/stashing$ git switch master
error: Your local changes to the following files would be overwritten by checkout:
	index.html
Please commit your changes or stash them before you switch branches.
Aborting
preet@preet-HP-Notebook:~/Git-Github-Bootcamp/stashing$ vi app.css
preet@preet-HP-Notebook:~/Git-Github-Bootcamp/stashing$ ll
total 16
drwxrwxr-x 3 preet preet 4096 Nov  6 11:42 ./
drwxrwxr-x 7 preet preet 4096 Nov  6 11:11 ../
-rw-rw-r-- 1 preet preet    0 Nov  6 11:27 app.css
drwxrwxr-x 8 preet preet 4096 Nov  6 11:29 .git/
-rw-rw-r-- 1 preet preet  858 Nov  6 11:29 index.html
preet@preet-HP-Notebook:~/Git-Github-Bootcamp/stashing$ vi app.css 
preet@preet-HP-Notebook:~/Git-Github-Bootcamp/stashing$ git status
On branch goodbye
Changes not staged for commit:
  (use "git add <file>..." to update what will be committed)
  (use "git restore <file>..." to discard changes in working directory)
	modified:   app.css
	modified:   index.html

no changes added to commit (use "git add" and/or "git commit -a")
preet@preet-HP-Notebook:~/Git-Github-Bootcamp/stashing$ git stash
Saved working directory and index state WIP on goodbye: d119d11 create index.html and app.css
preet@preet-HP-Notebook:~/Git-Github-Bootcamp/stashing$ git status
On branch goodbye
nothing to commit, working tree clean
preet@preet-HP-Notebook:~/Git-Github-Bootcamp/stashing$ git switch master
Switched to branch 'master'
preet@preet-HP-Notebook:~/Git-Github-Bootcamp/stashing$ git status
On branch master
nothing to commit, working tree clean
preet@preet-HP-Notebook:~/Git-Github-Bootcamp/stashing$ git switch goodbye 
Switched to branch 'goodbye'
preet@preet-HP-Notebook:~/Git-Github-Bootcamp/stashing$ git stash pop
On branch goodbye
Changes not staged for commit:
  (use "git add <file>..." to update what will be committed)
  (use "git restore <file>..." to discard changes in working directory)
	modified:   app.css
	modified:   index.html

no changes added to commit (use "git add" and/or "git commit -a")
Dropped refs/stash@{0} (3b294de28d63e6107ae2baa0125a674f90ca6846)
preet@preet-HP-Notebook:~/Git-Github-Bootcamp/stashing$ git stash
Saved working directory and index state WIP on goodbye: d119d11 create index.html and app.css
preet@preet-HP-Notebook:~/Git-Github-Bootcamp/stashing$ git status
On branch goodbye
nothing to commit, working tree clean
preet@preet-HP-Notebook:~/Git-Github-Bootcamp/stashing$ git switch master
Switched to branch 'master'
preet@preet-HP-Notebook:~/Git-Github-Bootcamp/stashing$ git stash apply
Auto-merging index.html
CONFLICT (content): Merge conflict in index.html
On branch master
Changes to be committed:
  (use "git restore --staged <file>..." to unstage)
	modified:   app.css

Unmerged paths:
  (use "git restore --staged <file>..." to unstage)
  (use "git add <file>..." to mark resolution)
	both modified:   index.html

preet@preet-HP-Notebook:~/Git-Github-Bootcamp/stashing$ vi index.html 
preet@preet-HP-Notebook:~/Git-Github-Bootcamp/stashing$ git status
On branch master
Changes to be committed:
  (use "git restore --staged <file>..." to unstage)
	modified:   app.css

Unmerged paths:
  (use "git restore --staged <file>..." to unstage)
  (use "git add <file>..." to mark resolution)
	both modified:   index.html

preet@preet-HP-Notebook:~/Git-Github-Bootcamp/stashing$ git add index.html app.css 
preet@preet-HP-Notebook:~/Git-Github-Bootcamp/stashing$ git commit -m "apply stashed changes"
[master f57c98c] apply stashed changes
 2 files changed, 6 insertions(+), 2 deletions(-)
preet@preet-HP-Notebook:~/Git-Github-Bootcamp/stashing$ git switch goodbye 
Switched to branch 'goodbye'
preet@preet-HP-Notebook:~/Git-Github-Bootcamp/stashing$ git sta
stage    stash    status   
preet@preet-HP-Notebook:~/Git-Github-Bootcamp/stashing$ git stash apply
On branch goodbye
Changes not staged for commit:
  (use "git add <file>..." to update what will be committed)
  (use "git restore <file>..." to discard changes in working directory)
	modified:   app.css
	modified:   index.html

no changes added to commit (use "git add" and/or "git commit -a")
preet@preet-HP-Notebook:~/Git-Github-Bootcamp/stashing$ git add index.html app.css 
preet@preet-HP-Notebook:~/Git-Github-Bootcamp/stashing$ git commit -m "change to goodbye"
[goodbye 290e60c] change to goodbye
 2 files changed, 6 insertions(+), 2 deletions(-)
preet@preet-HP-Notebook:~/Git-Github-Bootcamp/stashing$ git switch -c rainbow
Switched to a new branch 'rainbow'
preet@preet-HP-Notebook:~/Git-Github-Bootcamp/stashing$ git log
commit 290e60cc8a288effbf5e51e8a81d57f484b62d66 (HEAD -> rainbow, goodbye)
Author: preet-7 <preet3.14159@gmail.com>
Date:   Mon Nov 6 11:52:40 2023 +0530

    change to goodbye

commit d119d11c9528761beeca526b77c7c676e0c5e228
Author: preet-7 <preet3.14159@gmail.com>
Date:   Mon Nov 6 11:24:30 2023 +0530

    create index.html and app.css
preet@preet-HP-Notebook:~/Git-Github-Bootcamp/stashing$ vi app.css 
preet@preet-HP-Notebook:~/Git-Github-Bootcamp/stashing$ git commmit -am "remove background color"
git: 'commmit' is not a git command. See 'git --help'.

The most similar command is
	commit
preet@preet-HP-Notebook:~/Git-Github-Bootcamp/stashing$ git commit -am "remove background color"
On branch rainbow
nothing to commit, working tree clean
preet@preet-HP-Notebook:~/Git-Github-Bootcamp/stashing$ vi app.css 
preet@preet-HP-Notebook:~/Git-Github-Bootcamp/stashing$ vi log
preet@preet-HP-Notebook:~/Git-Github-Bootcamp/stashing$ git log
commit 290e60cc8a288effbf5e51e8a81d57f484b62d66 (HEAD -> rainbow, goodbye)
Author: preet-7 <preet3.14159@gmail.com>
Date:   Mon Nov 6 11:52:40 2023 +0530

    change to goodbye

commit d119d11c9528761beeca526b77c7c676e0c5e228
Author: preet-7 <preet3.14159@gmail.com>
Date:   Mon Nov 6 11:24:30 2023 +0530

    create index.html and app.css
preet@preet-HP-Notebook:~/Git-Github-Bootcamp/stashing$ vi app.css 
preet@preet-HP-Notebook:~/Git-Github-Bootcamp/stashing$ vi app.css 
preet@preet-HP-Notebook:~/Git-Github-Bootcamp/stashing$ git commit -am "remove background color"
[rainbow a7ccf94] remove background color
 1 file changed, 1 insertion(+), 1 deletion(-)
preet@preet-HP-Notebook:~/Git-Github-Bootcamp/stashing$ git status
On branch rainbow
nothing to commit, working tree clean
preet@preet-HP-Notebook:~/Git-Github-Bootcamp/stashing$ vi app.css 
preet@preet-HP-Notebook:~/Git-Github-Bootcamp/stashing$ git stash
Saved working directory and index state WIP on rainbow: a7ccf94 remove background color
preet@preet-HP-Notebook:~/Git-Github-Bootcamp/stashing$ vi app.css 
preet@preet-HP-Notebook:~/Git-Github-Bootcamp/stashing$ git stash
Saved working directory and index state WIP on rainbow: a7ccf94 remove background color
preet@preet-HP-Notebook:~/Git-Github-Bootcamp/stashing$ vi app.css 
preet@preet-HP-Notebook:~/Git-Github-Bootcamp/stashing$ git stash
Saved working directory and index state WIP on rainbow: a7ccf94 remove background color
preet@preet-HP-Notebook:~/Git-Github-Bootcamp/stashing$ vi app.css 

preet@preet-HP-Notebook:~/Git-Github-Bootcamp/stashing$ git commit --amend -m "remove background"
[rainbow 21e4e28] remove background
 Date: Mon Nov 6 12:15:17 2023 +0530
 1 file changed, 1 insertion(+), 1 deletion(-)
preet@preet-HP-Notebook:~/Git-Github-Bootcamp/stashing$ git log
commit 21e4e2857e8e221e5b82b4780e856388c907121e (HEAD -> rainbow)
Author: preet-7 <preet3.14159@gmail.com>
Date:   Mon Nov 6 12:15:17 2023 +0530

    remove background

commit 290e60cc8a288effbf5e51e8a81d57f484b62d66 (goodbye)
Author: preet-7 <preet3.14159@gmail.com>
Date:   Mon Nov 6 11:52:40 2023 +0530

    change to goodbye

commit d119d11c9528761beeca526b77c7c676e0c5e228
Author: preet-7 <preet3.14159@gmail.com>
Date:   Mon Nov 6 11:24:30 2023 +0530

    create index.html and app.css
preet@preet-HP-Notebook:~/Git-Github-Bootcamp/stashing$ git stash list
stash@{0}: WIP on rainbow: a7ccf94 remove background color
stash@{1}: WIP on rainbow: a7ccf94 remove background color
stash@{2}: WIP on rainbow: a7ccf94 remove background color
stash@{3}: WIP on goodbye: d119d11 create index.html and app.css
preet@preet-HP-Notebook:~/Git-Github-Bootcamp/stashing$ git status
On branch rainbow
Changes not staged for commit:
  (use "git add <file>..." to update what will be committed)
  (use "git restore <file>..." to discard changes in working directory)
	modified:   app.css

no changes added to commit (use "git add" and/or "git commit -a")
preet@preet-HP-Notebook:~/Git-Github-Bootcamp/stashing$ cat app.css 
preet@preet-HP-Notebook:~/Git-Github-Bootcamp/stashing$ git diff HEAD
diff --git a/app.css b/app.css
index e377efd..e69de29 100644
--- a/app.css
+++ b/app.css
@@ -1,4 +0,0 @@
-body{
-       background-color: blue;
-}
-
preet@preet-HP-Notebook:~/Git-Github-Bootcamp/stashing$ git add .
preet@preet-HP-Notebook:~/Git-Github-Bootcamp/stashing$ git commit --amend -m "remove background"
[rainbow afc607c] remove background
 Date: Mon Nov 6 12:15:17 2023 +0530
 1 file changed, 4 deletions(-)
preet@preet-HP-Notebook:~/Git-Github-Bootcamp/stashing$ git statua
git: 'statua' is not a git command. See 'git --help'.

The most similar command is
	status
preet@preet-HP-Notebook:~/Git-Github-Bootcamp/stashing$ git status
On branch rainbow
nothing to commit, working tree clean
preet@preet-HP-Notebook:~/Git-Github-Bootcamp/stashing$ git log
commit afc607c738c2d473fca679b028df2ecfb3118d48 (HEAD -> rainbow)
Author: preet-7 <preet3.14159@gmail.com>
Date:   Mon Nov 6 12:15:17 2023 +0530

    remove background

commit 290e60cc8a288effbf5e51e8a81d57f484b62d66 (goodbye)
Author: preet-7 <preet3.14159@gmail.com>
Date:   Mon Nov 6 11:52:40 2023 +0530

    change to goodbye

commit d119d11c9528761beeca526b77c7c676e0c5e228
Author: preet-7 <preet3.14159@gmail.com>
Date:   Mon Nov 6 11:24:30 2023 +0530

    create index.html and app.css
preet@preet-HP-Notebook:~/Git-Github-Bootcamp/stashing$ git stash list
stash@{0}: WIP on rainbow: a7ccf94 remove background color
stash@{1}: WIP on rainbow: a7ccf94 remove background color
stash@{2}: WIP on rainbow: a7ccf94 remove background color
stash@{3}: WIP on goodbye: d119d11 create index.html and app.css
preet@preet-HP-Notebook:~/Git-Github-Bootcamp/stashing$ git stash apply stash@{2}
Auto-merging app.css
CONFLICT (content): Merge conflict in app.css
On branch rainbow
Unmerged paths:
  (use "git restore --staged <file>..." to unstage)
  (use "git add <file>..." to mark resolution)
	both modified:   app.css

no changes added to commit (use "git add" and/or "git commit -a")
preet@preet-HP-Notebook:~/Git-Github-Bootcamp/stashing$ cat app.css 
<<<<<<< Updated upstream
=======
body{
	background-color: red;
}


>>>>>>> Stashed changes
preet@preet-HP-Notebook:~/Git-Github-Bootcamp/stashing$ git stash apply stash@{1}
app.css: needs merge
preet@preet-HP-Notebook:~/Git-Github-Bootcamp/stashing$ cat app.css 
<<<<<<< Updated upstream
=======
body{
	background-color: red;
}


>>>>>>> Stashed changes
preet@preet-HP-Notebook:~/Git-Github-Bootcamp/stashing$ vi app.css 
preet@preet-HP-Notebook:~/Git-Github-Bootcamp/stashing$ git stash apply stash@{1}
app.css: needs merge
preet@preet-HP-Notebook:~/Git-Github-Bootcamp/stashing$ vi app.css 
preet@preet-HP-Notebook:~/Git-Github-Bootcamp/stashing$ git stash apply stash@{1}
app.css: needs merge
preet@preet-HP-Notebook:~/Git-Github-Bootcamp/stashing$ vi app.css 
preet@preet-HP-Notebook:~/Git-Github-Bootcamp/stashing$ git stash apply stash@{0}
app.css: needs merge
preet@preet-HP-Notebook:~/Git-Github-Bootcamp/stashing$ vi app.css 
preet@preet-HP-Notebook:~/Git-Github-Bootcamp/stashing$ git stash apply stash@{0}
app.css: needs merge
preet@preet-HP-Notebook:~/Git-Github-Bootcamp/stashing$ git sta
git: 'sta' is not a git command. See 'git --help'.

The most similar commands are
	status
	stage
	stash
preet@preet-HP-Notebook:~/Git-Github-Bootcamp/stashing$ git sta
stage    stash    status   
preet@preet-HP-Notebook:~/Git-Github-Bootcamp/stashing$ git status 
On branch rainbow
Unmerged paths:
  (use "git restore --staged <file>..." to unstage)
  (use "git add <file>..." to mark resolution)
	both modified:   app.css

no changes added to commit (use "git add" and/or "git commit -a")
preet@preet-HP-Notebook:~/Git-Github-Bootcamp/stashing$ git commit --amend -m "remove background"
U	app.css
error: Committing is not possible because you have unmerged files.
hint: Fix them up in the work tree, and then use 'git add/rm <file>'
hint: as appropriate to mark resolution and make a commit.
fatal: Exiting because of an unresolved conflict.
preet@preet-HP-Notebook:~/Git-Github-Bootcamp/stashing$ vi app.css 
preet@preet-HP-Notebook:~/Git-Github-Bootcamp/stashing$ vi index.html.css 
preet@preet-HP-Notebook:~/Git-Github-Bootcamp/stashing$ vi index.html 
preet@preet-HP-Notebook:~/Git-Github-Bootcamp/stashing$ git add .
preet@preet-HP-Notebook:~/Git-Github-Bootcamp/stashing$ git commit --amend -m "remove background"
[rainbow fd7519e] remove background
 Date: Mon Nov 6 12:15:17 2023 +0530
 1 file changed, 4 deletions(-)
preet@preet-HP-Notebook:~/Git-Github-Bootcamp/stashing$ git stash apply stash@{0}
Auto-merging app.css
CONFLICT (content): Merge conflict in app.css
On branch rainbow
Unmerged paths:
  (use "git restore --staged <file>..." to unstage)
  (use "git add <file>..." to mark resolution)
	both modified:   app.css

no changes added to commit (use "git add" and/or "git commit -a")
preet@preet-HP-Notebook:~/Git-Github-Bootcamp/stashing$ vi app.css 
preet@preet-HP-Notebook:~/Git-Github-Bootcamp/stashing$ git status
On branch rainbow
Unmerged paths:
  (use "git restore --staged <file>..." to unstage)
  (use "git add <file>..." to mark resolution)
	both modified:   app.css

no changes added to commit (use "git add" and/or "git commit -a")
preet@preet-HP-Notebook:~/Git-Github-Bootcamp/stashing$ git stash list
stash@{0}: WIP on rainbow: a7ccf94 remove background color
stash@{1}: WIP on rainbow: a7ccf94 remove background color
stash@{2}: WIP on rainbow: a7ccf94 remove background color
stash@{3}: WIP on goodbye: d119d11 create index.html and app.css
preet@preet-HP-Notebook:~/Git-Github-Bootcamp/stashing$ git stash drop stash@{0}
Dropped stash@{0} (bafc862bf819e0a35080f85da8bb600eceb3252d)
preet@preet-HP-Notebook:~/Git-Github-Bootcamp/stashing$ git stash list
stash@{0}: WIP on rainbow: a7ccf94 remove background color
stash@{1}: WIP on rainbow: a7ccf94 remove background color
stash@{2}: WIP on goodbye: d119d11 create index.html and app.css
preet@preet-HP-Notebook:~/Git-Github-Bootcamp/stashing$ git stash clear
preet@preet-HP-Notebook:~/Git-Github-Bootcamp/stashing$ git stash list
preet@preet-HP-Notebook:~/Git-Github-Bootcamp/stashing$ ll
total 20
drwxrwxr-x 3 preet preet 4096 Nov  6 12:25 ./
drwxrwxr-x 7 preet preet 4096 Nov  6 11:11 ../
-rw-rw-r-- 1 preet preet   35 Nov  6 12:25 app.css
drwxrwxr-x 8 preet preet 4096 Nov  6 12:28 .git/
-rw-rw-r-- 1 preet preet  858 Nov  6 11:51 index.html
preet@preet-HP-Notebook:~/Git-Github-Bootcamp/stashing$ cd ..




preet@preet-HP-Notebook:~$ cd Git-Github-Bootcamp/stash-diary/
preet@preet-HP-Notebook:~/Git-Github-Bootcamp/stash-diary$ git status
fatal: not a git repository (or any of the parent directories): .git
preet@preet-HP-Notebook:~/Git-Github-Bootcamp/stash-diary$ git init
hint: Using 'master' as the name for the initial branch. This default branch name
hint: is subject to change. To configure the initial branch name to use in all
hint: of your new repositories, which will suppress this warning, call:
hint: 
hint: 	git config --global init.defaultBranch <name>
hint: 
hint: Names commonly chosen instead of 'master' are 'main', 'trunk' and
hint: 'development'. The just-created branch can be renamed via this command:
hint: 
hint: 	git branch -m <name>
Initialized empty Git repository in /home/preet/Git-Github-Bootcamp/stash-diary/.git/
preet@preet-HP-Notebook:~/Git-Github-Bootcamp/stash-diary$ vi diary.txt
preet@preet-HP-Notebook:~/Git-Github-Bootcamp/stash-diary$ git add diary.txt 
preet@preet-HP-Notebook:~/Git-Github-Bootcamp/stash-diary$ git commit -m "add diary file"
[master (root-commit) d7129d7] add diary file
 1 file changed, 1 insertion(+)
 create mode 100644 diary.txt
preet@preet-HP-Notebook:~/Git-Github-Bootcamp/stash-diary$ git branch -c truth
preet@preet-HP-Notebook:~/Git-Github-Bootcamp/stash-diary$ git branch
* master
  truth
preet@preet-HP-Notebook:~/Git-Github-Bootcamp/stash-diary$ git switch truth
Switched to branch 'truth'
preet@preet-HP-Notebook:~/Git-Github-Bootcamp/stash-diary$ vi diary.txt 
preet@preet-HP-Notebook:~/Git-Github-Bootcamp/stash-diary$ vi diary.txt 
preet@preet-HP-Notebook:~/Git-Github-Bootcamp/stash-diary$ git status
On branch truth
Changes not staged for commit:
  (use "git add <file>..." to update what will be committed)
  (use "git restore <file>..." to discard changes in working directory)
	modified:   diary.txt

no changes added to commit (use "git add" and/or "git commit -a")
preet@preet-HP-Notebook:~/Git-Github-Bootcamp/stash-diary$ git diff HEAD
diff --git a/diary.txt b/diary.txt
index c9f14a3..d93da39 100644
--- a/diary.txt
+++ b/diary.txt
@@ -1 +1,5 @@
-i love my boss
+i hate my boss
+i hate my boss
+i hate my boss
+i hate my boss
+i hate my boss
preet@preet-HP-Notebook:~/Git-Github-Bootcamp/stash-diary$ git switch master
M	diary.txt
Switched to branch 'master'
preet@preet-HP-Notebook:~/Git-Github-Bootcamp/stash-diary$ cat diary.txt 
i hate my boss
i hate my boss
i hate my boss
i hate my boss
i hate my boss
preet@preet-HP-Notebook:~/Git-Github-Bootcamp/stash-diary$ git status
On branch master
Changes not staged for commit:
  (use "git add <file>..." to update what will be committed)
  (use "git restore <file>..." to discard changes in working directory)
	modified:   diary.txt

no changes added to commit (use "git add" and/or "git commit -a")
preet@preet-HP-Notebook:~/Git-Github-Bootcamp/stash-diary$ git stash
Saved working directory and index state WIP on master: d7129d7 add diary file
preet@preet-HP-Notebook:~/Git-Github-Bootcamp/stash-diary$ cat diary.txt 
i love my boss
preet@preet-HP-Notebook:~/Git-Github-Bootcamp/stash-diary$ vi diary.txt 
preet@preet-HP-Notebook:~/Git-Github-Bootcamp/stash-diary$ git add diary.txt 
preet@preet-HP-Notebook:~/Git-Github-Bootcamp/stash-diary$ git commit -m "add more lies"
[master f692383] add more lies
 1 file changed, 2 insertions(+)
preet@preet-HP-Notebook:~/Git-Github-Bootcamp/stash-diary$ git switch truth 
Switched to branch 'truth'
preet@preet-HP-Notebook:~/Git-Github-Bootcamp/stash-diary$ git status
On branch truth
nothing to commit, working tree clean
preet@preet-HP-Notebook:~/Git-Github-Bootcamp/stash-diary$ git stash pop
On branch truth
Changes not staged for commit:
  (use "git add <file>..." to update what will be committed)
  (use "git restore <file>..." to discard changes in working directory)
	modified:   diary.txt

no changes added to commit (use "git add" and/or "git commit -a")
Dropped refs/stash@{0} (3d16bf01f8bda6896874b8fc77c138d3003f6fce)
preet@preet-HP-Notebook:~/Git-Github-Bootcamp/stash-diary$ cat diary.txt 
i hate my boss
i hate my boss
i hate my boss
i hate my boss
i hate my boss
preet@preet-HP-Notebook:~/Git-Github-Bootcamp/stash-diary$ git log
commit d7129d7e3535b8cded1629285ee9dcb92592406a (HEAD -> truth)
Author: preet-7 <preet3.14159@gmail.com>
Date:   Mon Nov 6 13:02:50 2023 +0530

    add diary file
preet@preet-HP-Notebook:~/Git-Github-Bootcamp/stash-diary$ git status
On branch truth
Changes not staged for commit:
  (use "git add <file>..." to update what will be committed)
  (use "git restore <file>..." to discard changes in working directory)
	modified:   diary.txt

no changes added to commit (use "git add" and/or "git commit -a")
preet@preet-HP-Notebook:~/Git-Github-Bootcamp/stash-diary$ git add diary.txt 
preet@preet-HP-Notebook:~/Git-Github-Bootcamp/stash-diary$ git commit -m "add the truth"
[truth 05c5e41] add the truth
 1 file changed, 5 insertions(+), 1 deletion(-)
preet@preet-HP-Notebook:~/Git-Github-Bootcamp/stash-diary$ git switch master
Switched to branch 'master'
preet@preet-HP-Notebook:~/Git-Github-Bootcamp/stash-diary$ git status
On branch master
nothing to commit, working tree clean
preet@preet-HP-Notebook:~/Git-Github-Bootcamp/stash-diary$ git log
commit f692383c20ae64ebdfe7908cc4048334e3534e42 (HEAD -> master)
Author: preet-7 <preet3.14159@gmail.com>
Date:   Mon Nov 6 13:07:23 2023 +0530

    add more lies

commit d7129d7e3535b8cded1629285ee9dcb92592406a
Author: preet-7 <preet3.14159@gmail.com>
Date:   Mon Nov 6 13:02:50 2023 +0530

    add diary file
preet@preet-HP-Notebook:~/Git-Github-Bootcamp/stash-diary$ 



